// Jest Snapshot v1, https://goo.gl/fbAQLP

exports[`App should toggle between Genre/Title when one of them is clicked 1`] = `
<div>
  <form
    class="js-search-form wrapper"
  >
    <div
      class="row"
    >
      <div
        class="title"
      >
        FIND YOUR MOVIE
      </div>
      <input
        class="js-search-input input"
        type="text"
        value=""
      />
      <input
        class="submit"
        type="submit"
        value="SEARCH"
      />
    </div>
    <div
      class="row"
    >
      <div
        class="filter"
      >
        SEARCH BY 
        TITLE
      </div>
      <input
        checked=""
        class="js-toggle-radio-button"
        id="filterValue1"
        name="contact"
        type="radio"
        value="TITLE"
      />
      <label
        for="filterValue1"
      >
        TITLE
      </label>
      <input
        class="js-toggle-radio-button"
        id="filterValue2"
        name="contact"
        type="radio"
        value="GENRE"
      />
      <label
        for="filterValue2"
      >
        GENRE
      </label>
    </div>
  </form>
</div>
`;

exports[`App should toggle between Genre/Title when one of them is clicked 2`] = `
<div>
  <form
    class="js-search-form wrapper"
  >
    <div
      class="row"
    >
      <div
        class="title"
      >
        FIND YOUR MOVIE
      </div>
      <input
        class="js-search-input input"
        type="text"
        value=""
      />
      <input
        class="submit"
        type="submit"
        value="SEARCH"
      />
    </div>
    <div
      class="row"
    >
      <div
        class="filter"
      >
        SEARCH BY 
        GENRE
      </div>
      <input
        class="js-toggle-radio-button"
        id="filterValue1"
        name="contact"
        type="radio"
        value="TITLE"
      />
      <label
        for="filterValue1"
      >
        TITLE
      </label>
      <input
        checked=""
        class="js-toggle-radio-button"
        id="filterValue2"
        name="contact"
        type="radio"
        value="GENRE"
      />
      <label
        for="filterValue2"
      >
        GENRE
      </label>
    </div>
  </form>
</div>
`;
