// Jest Snapshot v1, https://goo.gl/fbAQLP

exports[`App should toggle between Date/Rating when one of them is clicked 1`] = `
<div>
  <div
    class="result"
  >
    <div
      class="number"
    >
      2
       movies found
    </div>
    <div
      class="sort"
    >
      <div
        class="sortTitle"
      >
        SORT BY
      </div>
      <input
        checked=""
        class="js-toggle-radio-button"
        id="sv1"
        name="contact"
        type="radio"
        value="DATE"
      />
      <label
        for="sv1"
      >
        DATE
      </label>
      <input
        class="js-toggle-radio-button"
        id="sv2"
        name="contact"
        type="radio"
        value="RATING"
      />
      <label
        for="sv2"
      >
        RATING
      </label>
    </div>
  </div>
  <div
    class="list"
  >
    <div
      class="js-movie-item movie"
    >
      <a
        href="#"
      >
        <img
          class="poster"
          src="media/51fY8NCyXpL._SX342_.jpg"
        />
      </a>
      <div
        class="title"
      >
        Kill Bill-1
      </div>
      <div
        class="release"
      >
        2000
      </div>
      <div
        class="genre"
      >
        Drama
      </div>
    </div>
    <div
      class="js-movie-item movie"
    >
      <a
        href="#"
      >
        <img
          class="poster"
          src="media/51fY8NCyXpL._SX342_.jpg"
        />
      </a>
      <div
        class="title"
      >
        Kill Bill-2
      </div>
      <div
        class="release"
      >
        2002
      </div>
      <div
        class="genre"
      >
        Drama, Thriller
      </div>
    </div>
  </div>
</div>
`;

exports[`App should toggle between Date/Rating when one of them is clicked 2`] = `
<div>
  <div
    class="result"
  >
    <div
      class="number"
    >
      2
       movies found
    </div>
    <div
      class="sort"
    >
      <div
        class="sortTitle"
      >
        SORT BY
      </div>
      <input
        class="js-toggle-radio-button"
        id="sv1"
        name="contact"
        type="radio"
        value="DATE"
      />
      <label
        for="sv1"
      >
        DATE
      </label>
      <input
        checked=""
        class="js-toggle-radio-button"
        id="sv2"
        name="contact"
        type="radio"
        value="RATING"
      />
      <label
        for="sv2"
      >
        RATING
      </label>
    </div>
  </div>
  <div
    class="list"
  >
    <div
      class="js-movie-item movie"
    >
      <a
        href="#"
      >
        <img
          class="poster"
          src="media/51fY8NCyXpL._SX342_.jpg"
        />
      </a>
      <div
        class="title"
      >
        Kill Bill-1
      </div>
      <div
        class="release"
      >
        2000
      </div>
      <div
        class="genre"
      >
        Drama
      </div>
    </div>
    <div
      class="js-movie-item movie"
    >
      <a
        href="#"
      >
        <img
          class="poster"
          src="media/51fY8NCyXpL._SX342_.jpg"
        />
      </a>
      <div
        class="title"
      >
        Kill Bill-2
      </div>
      <div
        class="release"
      >
        2002
      </div>
      <div
        class="genre"
      >
        Drama, Thriller
      </div>
    </div>
  </div>
</div>
`;
